// Jest Snapshot v1, https://goo.gl/fbAQLP

exports[`A1_Component > Footer [A1_1_6] スナップショット 1`] = `
<div>
  <div
    class="d-block m-auto mt-6 w-11/12 max-w-4xl justify-between md:mt-16 md:flex md:w-full"
  >
    <div>
      <a
        href="/"
      >
        <div>
          <img
            alt="logo"
            data-nimg="1"
            data-testid="image"
            decoding="async"
            height="20"
            loading="lazy"
            src="/_next/image?url=%2Flogo.png&w=384&q=75"
            srcset="/_next/image?url=%2Flogo.png&w=256&q=75 1x, /_next/image?url=%2Flogo.png&w=384&q=75 2x"
            style="color: transparent;"
            width="150"
          />
        </div>
      </a>
      <p
        class="my-4 text-lg md:text-sm"
      >
        漫画記事考察サイト
      </p>
    </div>
    <div>
      <p
        class="my-2 text-lg font-semibold md:my-0 md:text-sm"
      >
        <a
          href="/about"
        >
          About
        </a>
      </p>
    </div>
    <div>
      <p
        class="my-2 text-lg font-semibold md:my-0 md:text-sm"
      >
        <a
          href="/top"
        >
          Manga Studyとは
        </a>
      </p>
    </div>
    <div>
      <p
        class="my-2 text-lg font-semibold md:my-0 md:text-sm"
      >
        <a
          href="/releasenotes"
        >
          更新履歴
        </a>
      </p>
    </div>
  </div>
  <div
    class="mt-4 border py-4 text-center"
  >
    Manga Study ©︎
    2025
  </div>
</div>
`;
